[RemoteOK] 2 matching jobs
[WeWorkRemotely] 1 matching jobs
[Greenhouse] 40 matching jobs
[LinkedIn] 35 matching jobs
[SJS] 4 matching jobs
[Adzuna] 0 matching jobs
Wrote 38 jobs to /Users/dwyaneramos/Library/Application Support/JobHuntWidget/jobs.json
[RemoteOK] 2 matching jobs
[WeWorkRemotely] 1 matching jobs
[Greenhouse] 40 matching jobs
[LinkedIn] 40 matching jobs
[SJS] 4 matching jobs
[Adzuna] 0 matching jobs
Wrote 41 jobs (7 new) to /Users/dwyaneramos/Library/Application Support/JobHuntWidget/jobs.json
[RemoteOK] 2 matching jobs
[WeWorkRemotely] 1 matching jobs
[Greenhouse] 40 matching jobs
[LinkedIn] 37 matching jobs
[SJS] 4 matching jobs
[Adzuna] 0 matching jobs
Wrote 38 jobs (8 new) to /Users/dwyaneramos/Library/Application Support/JobHuntWidget/jobs.json
[RemoteOK] 2 matching jobs
[WeWorkRemotely] 1 matching jobs
[Greenhouse] 40 matching jobs
[LinkedIn] 38 matching jobs
[SJS] 4 matching jobs
[Adzuna] 0 matching jobs
Wrote 41 jobs (14 new) to /Users/dwyaneramos/Library/Application Support/JobHuntWidget/jobs.json
[RemoteOK] 1 matching jobs
[WeWorkRemotely] 1 matching jobs
[Greenhouse] 40 matching jobs
[LinkedIn] 39 matching jobs
[SJS] 4 matching jobs
[Adzuna] 0 matching jobs
Wrote 42 jobs (9 new) to /Users/dwyaneramos/Library/Application Support/JobHuntWidget/jobs.json
[RemoteOK] 1 matching jobs
[WeWorkRemotely] 1 matching jobs
[Greenhouse] 40 matching jobs
[LinkedIn] 36 matching jobs
[SJS] 4 matching jobs
[Adzuna] 0 matching jobs
Wrote 37 jobs (5 new) to /Users/dwyaneramos/Library/Application Support/JobHuntWidget/jobs.json
[RemoteOK] 3 matching jobs
[WeWorkRemotely] 1 matching jobs
[Greenhouse] 40 matching jobs
[LinkedIn] 39 matching jobs
[SJS] 4 matching jobs
[Adzuna] 0 matching jobs
Wrote 42 jobs (9 new) to /Users/dwyaneramos/Library/Application Support/JobHuntWidget/jobs.json
[RemoteOK] 3 matching jobs
[WeWorkRemotely] 1 matching jobs
[Greenhouse] 40 matching jobs
[LinkedIn] 34 matching jobs
[SJS] 0 matching jobs
[Adzuna] 0 matching jobs
Wrote 33 jobs (6 new) to /Users/dwyaneramos/Library/Application Support/JobHuntWidget/jobs.json
[RemoteOK] 3 matching jobs
[WeWorkRemotely] 1 matching jobs
[Greenhouse] 40 matching jobs
[LinkedIn] 40 matching jobs
[SJS] 4 matching jobs
[Adzuna] 0 matching jobs
Wrote 41 jobs (12 new) to /Users/dwyaneramos/Library/Application Support/JobHuntWidget/jobs.json
[RemoteOK] 3 matching jobs
[WeWorkRemotely] 1 matching jobs
[Greenhouse] 40 matching jobs
[LinkedIn] 36 matching jobs
[SJS] 4 matching jobs
[Adzuna] 0 matching jobs
Wrote 39 jobs (10 new) to /Users/dwyaneramos/Library/Application Support/JobHuntWidget/jobs.json
[RemoteOK] 2 matching jobs
[WeWorkRemotely] 1 matching jobs
[Greenhouse] 40 matching jobs
[LinkedIn] 40 matching jobs
[SJS] 4 matching jobs
[Adzuna] 0 matching jobs
Wrote 41 jobs (12 new) to /Users/dwyaneramos/Library/Application Support/JobHuntWidget/jobs.json
[RemoteOK] 5 matching jobs
[WeWorkRemotely] 1 matching jobs
[Greenhouse] 40 matching jobs
[LinkedIn] 40 matching jobs
[SJS] 4 matching jobs
[Adzuna] 0 matching jobs
Wrote 41 jobs (4 new) to /Users/dwyaneramos/Library/Application Support/JobHuntWidget/jobs.json
[RemoteOK] 5 matching jobs
[WeWorkRemotely] 1 matching jobs
[Greenhouse] 40 matching jobs
[LinkedIn] 38 matching jobs
[SJS] 4 matching jobs
[Adzuna] 0 matching jobs
Wrote 41 jobs (10 new) to /Users/dwyaneramos/Library/Application Support/JobHuntWidget/jobs.json
[RemoteOK] 5 matching jobs
[WeWorkRemotely] 1 matching jobs
[Greenhouse] 40 matching jobs
[LinkedIn] 40 matching jobs
[SJS] 4 matching jobs
[Adzuna] 0 matching jobs
Wrote 41 jobs (13 new) to /Users/dwyaneramos/Library/Application Support/JobHuntWidget/jobs.json
[RemoteOK] 6 matching jobs
[WeWorkRemotely] 1 matching jobs
[Greenhouse] 40 matching jobs
[LinkedIn] 36 matching jobs
[SJS] 4 matching jobs
[Adzuna] 0 matching jobs
Wrote 37 jobs (7 new) to /Users/dwyaneramos/Library/Application Support/JobHuntWidget/jobs.json
[RemoteOK] 6 matching jobs
[WeWorkRemotely] 1 matching jobs
[Greenhouse] 40 matching jobs
[LinkedIn] 40 matching jobs
[SJS] 4 matching jobs
[Adzuna] 0 matching jobs
Wrote 41 jobs (5 new) to /Users/dwyaneramos/Library/Application Support/JobHuntWidget/jobs.json
[RemoteOK] 5 matching jobs
[WeWorkRemotely] 1 matching jobs
[Greenhouse] 40 matching jobs
[LinkedIn] 36 matching jobs
[SJS] 5 matching jobs
[Adzuna] 0 matching jobs
Wrote 40 jobs (7 new) to /Users/dwyaneramos/Library/Application Support/JobHuntWidget/jobs.json
[RemoteOK] 5 matching jobs
[WeWorkRemotely] 1 matching jobs
[Greenhouse] 40 matching jobs
[LinkedIn] 40 matching jobs
[SJS] 5 matching jobs
[Adzuna] 0 matching jobs
Wrote 44 jobs (7 new) to /Users/dwyaneramos/Library/Application Support/JobHuntWidget/jobs.json
[RemoteOK] 4 matching jobs
[WeWorkRemotely] 1 matching jobs
[Greenhouse] 40 matching jobs
[LinkedIn] 30 matching jobs
[SJS] 5 matching jobs
[Adzuna] 0 matching jobs
Wrote 34 jobs (3 new) to /Users/dwyaneramos/Library/Application Support/JobHuntWidget/jobs.json
[RemoteOK] 3 matching jobs
[WeWorkRemotely] 1 matching jobs
[Greenhouse] 40 matching jobs
[LinkedIn] 40 matching jobs
[SJS] 5 matching jobs
[Adzuna] 0 matching jobs
Wrote 44 jobs (19 new) to /Users/dwyaneramos/Library/Application Support/JobHuntWidget/jobs.json
[RemoteOK] 2 matching jobs
[WeWorkRemotely] 1 matching jobs
[Greenhouse] 40 matching jobs
[LinkedIn] 40 matching jobs
[SJS] 5 matching jobs
[Adzuna] 0 matching jobs
Wrote 44 jobs (4 new) to /Users/dwyaneramos/Library/Application Support/JobHuntWidget/jobs.json
[RemoteOK] 3 matching jobs
[WeWorkRemotely] 1 matching jobs
[Greenhouse] 40 matching jobs
[LinkedIn] 40 matching jobs
[SJS] 5 matching jobs
[Adzuna] 0 matching jobs
Wrote 44 jobs (2 new) to /Users/dwyaneramos/Library/Application Support/JobHuntWidget/jobs.json
[RemoteOK] 3 matching jobs
[WeWorkRemotely] 1 matching jobs
[Greenhouse] 40 matching jobs
[LinkedIn] 40 matching jobs
[SJS] 5 matching jobs
[Adzuna] 0 matching jobs
Wrote 44 jobs (1 new) to /Users/dwyaneramos/Library/Application Support/JobHuntWidget/jobs.json
[RemoteOK] 0 matching jobs
[WeWorkRemotely] 1 matching jobs
[Greenhouse] 0 matching jobs
[LinkedIn] 0 matching jobs
[SJS] 0 matching jobs
[Adzuna] 0 matching jobs
Wrote 0 jobs (0 new) to /Users/dwyaneramos/Library/Application Support/JobHuntWidget/jobs.json
[RemoteOK] 2 matching jobs
[WeWorkRemotely] 1 matching jobs
[Greenhouse] 40 matching jobs
[LinkedIn] 40 matching jobs
[SJS] 4 matching jobs
[Adzuna] 0 matching jobs
Wrote 43 jobs (43 new) to /Users/dwyaneramos/Library/Application Support/JobHuntWidget/jobs.json
[RemoteOK] 2 matching jobs
[WeWorkRemotely] 1 matching jobs
[Greenhouse] 40 matching jobs
[LinkedIn] 40 matching jobs
[SJS] 4 matching jobs
[Adzuna] 0 matching jobs
Wrote 43 jobs (0 new) to /Users/dwyaneramos/Library/Application Support/JobHuntWidget/jobs.json
[RemoteOK] 2 matching jobs
[WeWorkRemotely] 1 matching jobs
[Greenhouse] 40 matching jobs
[LinkedIn] 40 matching jobs
[SJS] 4 matching jobs
[Adzuna] 0 matching jobs
Wrote 43 jobs (0 new) to /Users/dwyaneramos/Library/Application Support/JobHuntWidget/jobs.json
[RemoteOK] 1 matching jobs
[WeWorkRemotely] 1 matching jobs
[Greenhouse] 40 matching jobs
[LinkedIn] 25 matching jobs
[SJS] 0 matching jobs
[Adzuna] 0 matching jobs
Wrote 24 jobs (2 new) to /Users/dwyaneramos/Library/Application Support/JobHuntWidget/jobs.json
[RemoteOK] 1 matching jobs
[WeWorkRemotely] 1 matching jobs
[Greenhouse] 40 matching jobs
[LinkedIn] 40 matching jobs
[SJS] 5 matching jobs
[Adzuna] 0 matching jobs
Wrote 44 jobs (0 new) to /Users/dwyaneramos/Library/Application Support/JobHuntWidget/jobs.json
[RemoteOK] 1 matching jobs
[WeWorkRemotely] 1 matching jobs
[Greenhouse] 40 matching jobs
[LinkedIn] 40 matching jobs
[SJS] 5 matching jobs
[Adzuna] 0 matching jobs
Wrote 44 jobs (0 new) to /Users/dwyaneramos/Library/Application Support/JobHuntWidget/jobs.json
[RemoteOK] 0 matching jobs
[WeWorkRemotely] 1 matching jobs
[Greenhouse] 40 matching jobs
[LinkedIn] 40 matching jobs
[SJS] 5 matching jobs
[Adzuna] 0 matching jobs
Wrote 44 jobs (0 new) to /Users/dwyaneramos/Library/Application Support/JobHuntWidget/jobs.json
[RemoteOK] 0 matching jobs
[WeWorkRemotely] 1 matching jobs
[Greenhouse] 40 matching jobs
[LinkedIn] 40 matching jobs
[SJS] 5 matching jobs
[Adzuna] 0 matching jobs
Wrote 44 jobs (0 new) to /Users/dwyaneramos/Library/Application Support/JobHuntWidget/jobs.json
[RemoteOK] 0 matching jobs
[WeWorkRemotely] 1 matching jobs
[Greenhouse] 40 matching jobs
[LinkedIn] 40 matching jobs
[SJS] 5 matching jobs
[Adzuna] 0 matching jobs
Wrote 44 jobs (0 new) to /Users/dwyaneramos/Library/Application Support/JobHuntWidget/jobs.json
[RemoteOK] 0 matching jobs
[WeWorkRemotely] 1 matching jobs
[Greenhouse] 40 matching jobs
[LinkedIn] 40 matching jobs
[SJS] 5 matching jobs
[Adzuna] 0 matching jobs
Wrote 44 jobs (0 new) to /Users/dwyaneramos/Library/Application Support/JobHuntWidget/jobs.json
[RemoteOK] 0 matching jobs
[WeWorkRemotely] 1 matching jobs
[Greenhouse] 40 matching jobs
[LinkedIn] 40 matching jobs
[SJS] 5 matching jobs
[Adzuna] 0 matching jobs
Wrote 44 jobs (2 new) to /Users/dwyaneramos/Library/Application Support/JobHuntWidget/jobs.json
[RemoteOK] 0 matching jobs
[WeWorkRemotely] 1 matching jobs
[Greenhouse] 40 matching jobs
[LinkedIn] 40 matching jobs
[SJS] 1 matching jobs
[Adzuna] 0 matching jobs
Wrote 40 jobs (1 new) to /Users/dwyaneramos/Library/Application Support/JobHuntWidget/jobs.json
[RemoteOK] 0 matching jobs
[WeWorkRemotely] 1 matching jobs
[Greenhouse] 40 matching jobs
[LinkedIn] 40 matching jobs
[SJS] 5 matching jobs
[Adzuna] 0 matching jobs
Wrote 44 jobs (5 new) to /Users/dwyaneramos/Library/Application Support/JobHuntWidget/jobs.json
[RemoteOK] 0 matching jobs
[WeWorkRemotely] 1 matching jobs
[Greenhouse] 40 matching jobs
[LinkedIn] 40 matching jobs
[SJS] 3 matching jobs
[Adzuna] 0 matching jobs
Wrote 42 jobs (1 new) to /Users/dwyaneramos/Library/Application Support/JobHuntWidget/jobs.json
[RemoteOK] 0 matching jobs
[WeWorkRemotely] 1 matching jobs
[Greenhouse] 40 matching jobs
[LinkedIn] 40 matching jobs
[SJS] 4 matching jobs
[Adzuna] 0 matching jobs
Wrote 43 jobs (3 new) to /Users/dwyaneramos/Library/Application Support/JobHuntWidget/jobs.json
[RemoteOK] 0 matching jobs
[WeWorkRemotely] 1 matching jobs
[Greenhouse] 40 matching jobs
[LinkedIn] 39 matching jobs
[SJS] 3 matching jobs
[Adzuna] 0 matching jobs
Wrote 41 jobs (8 new) to /Users/dwyaneramos/Library/Application Support/JobHuntWidget/jobs.json
[RemoteOK] 0 matching jobs
[WeWorkRemotely] 1 matching jobs
[Greenhouse] 40 matching jobs
[LinkedIn] 40 matching jobs
[SJS] 3 matching jobs
[Adzuna] 0 matching jobs
Wrote 42 jobs (7 new) to /Users/dwyaneramos/Library/Application Support/JobHuntWidget/jobs.json
[RemoteOK] 0 matching jobs
[WeWorkRemotely] 1 matching jobs
[Greenhouse] 40 matching jobs
[LinkedIn] 40 matching jobs
[SJS] 3 matching jobs
[Adzuna] 0 matching jobs
Wrote 42 jobs (0 new) to /Users/dwyaneramos/Library/Application Support/JobHuntWidget/jobs.json
[RemoteOK] 0 matching jobs
[WeWorkRemotely] 1 matching jobs
[Greenhouse] 40 matching jobs
[LinkedIn] 40 matching jobs
[SJS] 3 matching jobs
[Adzuna] 0 matching jobs
Wrote 42 jobs (1 new) to /Users/dwyaneramos/Library/Application Support/JobHuntWidget/jobs.json
[RemoteOK] 4 matching jobs
[WeWorkRemotely] 1 matching jobs
[Greenhouse] 40 matching jobs
[LinkedIn] 40 matching jobs
[SJS] 3 matching jobs
[Adzuna] 0 matching jobs
Wrote 42 jobs (1 new) to /Users/dwyaneramos/Library/Application Support/JobHuntWidget/jobs.json
[RemoteOK] 4 matching jobs
[WeWorkRemotely] 0 matching jobs
[Greenhouse] 40 matching jobs
[LinkedIn] 40 matching jobs
[SJS] 3 matching jobs
[Adzuna] 0 matching jobs
Wrote 42 jobs (1 new) to /Users/dwyaneramos/Library/Application Support/JobHuntWidget/jobs.json
[RemoteOK] 5 matching jobs
[WeWorkRemotely] 0 matching jobs
[Greenhouse] 40 matching jobs
[LinkedIn] 40 matching jobs
[SJS] 3 matching jobs
[Adzuna] 0 matching jobs
Wrote 42 jobs (0 new) to /Users/dwyaneramos/Library/Application Support/JobHuntWidget/jobs.json
[RemoteOK] 5 matching jobs
[WeWorkRemotely] 0 matching jobs
[Greenhouse] 40 matching jobs
[LinkedIn] 40 matching jobs
[SJS] 3 matching jobs
[Adzuna] 0 matching jobs
Wrote 42 jobs (2 new) to /Users/dwyaneramos/Library/Application Support/JobHuntWidget/jobs.json
[RemoteOK] 4 matching jobs
[WeWorkRemotely] 0 matching jobs
[Greenhouse] 40 matching jobs
[LinkedIn] 38 matching jobs
[SJS] 3 matching jobs
[Adzuna] 0 matching jobs
Wrote 39 jobs (8 new) to /Users/dwyaneramos/Library/Application Support/JobHuntWidget/jobs.json
[RemoteOK] 5 matching jobs
[WeWorkRemotely] 0 matching jobs
[Greenhouse] 40 matching jobs
[LinkedIn] 39 matching jobs
[SJS] 3 matching jobs
[Adzuna] 0 matching jobs
Wrote 41 jobs (13 new) to /Users/dwyaneramos/Library/Application Support/JobHuntWidget/jobs.json
[RemoteOK] 5 matching jobs
[WeWorkRemotely] 0 matching jobs
[Greenhouse] 40 matching jobs
[LinkedIn] 39 matching jobs
[SJS] 4 matching jobs
[Adzuna] 0 matching jobs
Wrote 42 jobs (5 new) to /Users/dwyaneramos/Library/Application Support/JobHuntWidget/jobs.json
[RemoteOK] 5 matching jobs
[WeWorkRemotely] 0 matching jobs
[Greenhouse] 40 matching jobs
[LinkedIn] 37 matching jobs
[SJS] 4 matching jobs
[Adzuna] 0 matching jobs
Wrote 40 jobs (3 new) to /Users/dwyaneramos/Library/Application Support/JobHuntWidget/jobs.json
[RemoteOK] 5 matching jobs
[WeWorkRemotely] 0 matching jobs
[Greenhouse] 40 matching jobs
[LinkedIn] 40 matching jobs
[SJS] 4 matching jobs
[Adzuna] 0 matching jobs
Wrote 42 jobs (7 new) to /Users/dwyaneramos/Library/Application Support/JobHuntWidget/jobs.json
[RemoteOK] 5 matching jobs
[WeWorkRemotely] 0 matching jobs
[Greenhouse] 40 matching jobs
[LinkedIn] 32 matching jobs
[SJS] 4 matching jobs
[Adzuna] 0 matching jobs
Wrote 35 jobs (2 new) to /Users/dwyaneramos/Library/Application Support/JobHuntWidget/jobs.json
